// Jest Snapshot v1, https://goo.gl/fbAQLP

exports[`[Container Component] CommentList Renders correctly 1`] = `
ShallowWrapper {
  Symbol(enzyme.__root__): [Circular],
  Symbol(enzyme.__unrendered__): <CommentList
    authUser={
        Object {
            "avatar": "udacity",
            "name": "Udacity",
          }
    }
    comments={
        Array [
            Object {
              "author": "Udacity",
              "body": "Hi there! I am a COMMENT.",
              "deleted": false,
              "id": "894tuq4ut84ut8v4t8wun89g",
              "parentDeleted": false,
              "parentId": "8xf0y6ziyjabvozdd253n",
              "timestamp": 1468166872634,
              "votes": Array [],
            },
            Object {
              "author": "Udacity",
              "body": "Comments. Are. Cool.",
              "deleted": false,
              "id": "8tu4bsun805n8un48ve89",
              "parentDeleted": false,
              "parentId": "8xf0y6ziyjabvozdd253nd",
              "timestamp": 1469479767190,
              "votes": Array [],
            },
          ]
    }
    getComments={[Function]}
    loading={false}
    onDeleteComment={[Function]}
    onHandleSetComment={[Function]}
    postId=""
    voteComment={[Function]}
/>,
  Symbol(enzyme.__renderer__): Object {
    "batchedUpdates": [Function],
    "getNode": [Function],
    "render": [Function],
    "simulateError": [Function],
    "simulateEvent": [Function],
    "unmount": [Function],
  },
  Symbol(enzyme.__node__): Object {
    "instance": null,
    "key": undefined,
    "nodeType": "host",
    "props": Object {
      "children": Array [
        <div
          className="crumina-module crumina-heading with-title-decoration"
>
          <h5
                    className="heading-title"
          >
                    Comments (
                    2
                    )
          </h5>
</div>,
        <ul
          className="comments-list"
>
          <CommentDetail
                    authUser={
                              Object {
                                        "avatar": "udacity",
                                        "name": "Udacity",
                                      }
                    }
                    comment={
                              Object {
                                        "author": "Udacity",
                                        "body": "Hi there! I am a COMMENT.",
                                        "deleted": false,
                                        "id": "894tuq4ut84ut8v4t8wun89g",
                                        "parentDeleted": false,
                                        "parentId": "8xf0y6ziyjabvozdd253n",
                                        "timestamp": 1468166872634,
                                        "votes": Array [],
                                      }
                    }
                    loading={false}
                    onBindComment={[Function]}
                    onDeleteComment={[Function]}
                    onVoteComment={[Function]}
          />
          <CommentDetail
                    authUser={
                              Object {
                                        "avatar": "udacity",
                                        "name": "Udacity",
                                      }
                    }
                    comment={
                              Object {
                                        "author": "Udacity",
                                        "body": "Comments. Are. Cool.",
                                        "deleted": false,
                                        "id": "8tu4bsun805n8un48ve89",
                                        "parentDeleted": false,
                                        "parentId": "8xf0y6ziyjabvozdd253nd",
                                        "timestamp": 1469479767190,
                                        "votes": Array [],
                                      }
                    }
                    loading={false}
                    onBindComment={[Function]}
                    onDeleteComment={[Function]}
                    onVoteComment={[Function]}
          />
</ul>,
      ],
      "className": "ui-block",
    },
    "ref": null,
    "rendered": Array [
      Object {
        "instance": null,
        "key": undefined,
        "nodeType": "host",
        "props": Object {
          "children": <h5
            className="heading-title"
>
            Comments (
            2
            )
</h5>,
          "className": "crumina-module crumina-heading with-title-decoration",
        },
        "ref": null,
        "rendered": Object {
          "instance": null,
          "key": undefined,
          "nodeType": "host",
          "props": Object {
            "children": Array [
              "Comments (",
              2,
              ")",
            ],
            "className": "heading-title",
          },
          "ref": null,
          "rendered": Array [
            "Comments (",
            2,
            ")",
          ],
          "type": "h5",
        },
        "type": "div",
      },
      Object {
        "instance": null,
        "key": undefined,
        "nodeType": "host",
        "props": Object {
          "children": Array [
            <CommentDetail
              authUser={
                            Object {
                                          "avatar": "udacity",
                                          "name": "Udacity",
                                        }
              }
              comment={
                            Object {
                                          "author": "Udacity",
                                          "body": "Hi there! I am a COMMENT.",
                                          "deleted": false,
                                          "id": "894tuq4ut84ut8v4t8wun89g",
                                          "parentDeleted": false,
                                          "parentId": "8xf0y6ziyjabvozdd253n",
                                          "timestamp": 1468166872634,
                                          "votes": Array [],
                                        }
              }
              loading={false}
              onBindComment={[Function]}
              onDeleteComment={[Function]}
              onVoteComment={[Function]}
/>,
            <CommentDetail
              authUser={
                            Object {
                                          "avatar": "udacity",
                                          "name": "Udacity",
                                        }
              }
              comment={
                            Object {
                                          "author": "Udacity",
                                          "body": "Comments. Are. Cool.",
                                          "deleted": false,
                                          "id": "8tu4bsun805n8un48ve89",
                                          "parentDeleted": false,
                                          "parentId": "8xf0y6ziyjabvozdd253nd",
                                          "timestamp": 1469479767190,
                                          "votes": Array [],
                                        }
              }
              loading={false}
              onBindComment={[Function]}
              onDeleteComment={[Function]}
              onVoteComment={[Function]}
/>,
          ],
          "className": "comments-list",
        },
        "ref": null,
        "rendered": Array [
          Object {
            "instance": null,
            "key": "894tuq4ut84ut8v4t8wun89g",
            "nodeType": "class",
            "props": Object {
              "authUser": Object {
                "avatar": "udacity",
                "name": "Udacity",
              },
              "comment": Object {
                "author": "Udacity",
                "body": "Hi there! I am a COMMENT.",
                "deleted": false,
                "id": "894tuq4ut84ut8v4t8wun89g",
                "parentDeleted": false,
                "parentId": "8xf0y6ziyjabvozdd253n",
                "timestamp": 1468166872634,
                "votes": Array [],
              },
              "loading": false,
              "onBindComment": [Function],
              "onDeleteComment": [Function],
              "onVoteComment": [Function],
            },
            "ref": null,
            "rendered": null,
            "type": [Function],
          },
          Object {
            "instance": null,
            "key": "8tu4bsun805n8un48ve89",
            "nodeType": "class",
            "props": Object {
              "authUser": Object {
                "avatar": "udacity",
                "name": "Udacity",
              },
              "comment": Object {
                "author": "Udacity",
                "body": "Comments. Are. Cool.",
                "deleted": false,
                "id": "8tu4bsun805n8un48ve89",
                "parentDeleted": false,
                "parentId": "8xf0y6ziyjabvozdd253nd",
                "timestamp": 1469479767190,
                "votes": Array [],
              },
              "loading": false,
              "onBindComment": [Function],
              "onDeleteComment": [Function],
              "onVoteComment": [Function],
            },
            "ref": null,
            "rendered": null,
            "type": [Function],
          },
        ],
        "type": "ul",
      },
    ],
    "type": "div",
  },
  Symbol(enzyme.__nodes__): Array [
    Object {
      "instance": null,
      "key": undefined,
      "nodeType": "host",
      "props": Object {
        "children": Array [
          <div
            className="crumina-module crumina-heading with-title-decoration"
>
            <h5
                        className="heading-title"
            >
                        Comments (
                        2
                        )
            </h5>
</div>,
          <ul
            className="comments-list"
>
            <CommentDetail
                        authUser={
                                    Object {
                                                "avatar": "udacity",
                                                "name": "Udacity",
                                              }
                        }
                        comment={
                                    Object {
                                                "author": "Udacity",
                                                "body": "Hi there! I am a COMMENT.",
                                                "deleted": false,
                                                "id": "894tuq4ut84ut8v4t8wun89g",
                                                "parentDeleted": false,
                                                "parentId": "8xf0y6ziyjabvozdd253n",
                                                "timestamp": 1468166872634,
                                                "votes": Array [],
                                              }
                        }
                        loading={false}
                        onBindComment={[Function]}
                        onDeleteComment={[Function]}
                        onVoteComment={[Function]}
            />
            <CommentDetail
                        authUser={
                                    Object {
                                                "avatar": "udacity",
                                                "name": "Udacity",
                                              }
                        }
                        comment={
                                    Object {
                                                "author": "Udacity",
                                                "body": "Comments. Are. Cool.",
                                                "deleted": false,
                                                "id": "8tu4bsun805n8un48ve89",
                                                "parentDeleted": false,
                                                "parentId": "8xf0y6ziyjabvozdd253nd",
                                                "timestamp": 1469479767190,
                                                "votes": Array [],
                                              }
                        }
                        loading={false}
                        onBindComment={[Function]}
                        onDeleteComment={[Function]}
                        onVoteComment={[Function]}
            />
</ul>,
        ],
        "className": "ui-block",
      },
      "ref": null,
      "rendered": Array [
        Object {
          "instance": null,
          "key": undefined,
          "nodeType": "host",
          "props": Object {
            "children": <h5
              className="heading-title"
>
              Comments (
              2
              )
</h5>,
            "className": "crumina-module crumina-heading with-title-decoration",
          },
          "ref": null,
          "rendered": Object {
            "instance": null,
            "key": undefined,
            "nodeType": "host",
            "props": Object {
              "children": Array [
                "Comments (",
                2,
                ")",
              ],
              "className": "heading-title",
            },
            "ref": null,
            "rendered": Array [
              "Comments (",
              2,
              ")",
            ],
            "type": "h5",
          },
          "type": "div",
        },
        Object {
          "instance": null,
          "key": undefined,
          "nodeType": "host",
          "props": Object {
            "children": Array [
              <CommentDetail
                authUser={
                                Object {
                                                "avatar": "udacity",
                                                "name": "Udacity",
                                              }
                }
                comment={
                                Object {
                                                "author": "Udacity",
                                                "body": "Hi there! I am a COMMENT.",
                                                "deleted": false,
                                                "id": "894tuq4ut84ut8v4t8wun89g",
                                                "parentDeleted": false,
                                                "parentId": "8xf0y6ziyjabvozdd253n",
                                                "timestamp": 1468166872634,
                                                "votes": Array [],
                                              }
                }
                loading={false}
                onBindComment={[Function]}
                onDeleteComment={[Function]}
                onVoteComment={[Function]}
/>,
              <CommentDetail
                authUser={
                                Object {
                                                "avatar": "udacity",
                                                "name": "Udacity",
                                              }
                }
                comment={
                                Object {
                                                "author": "Udacity",
                                                "body": "Comments. Are. Cool.",
                                                "deleted": false,
                                                "id": "8tu4bsun805n8un48ve89",
                                                "parentDeleted": false,
                                                "parentId": "8xf0y6ziyjabvozdd253nd",
                                                "timestamp": 1469479767190,
                                                "votes": Array [],
                                              }
                }
                loading={false}
                onBindComment={[Function]}
                onDeleteComment={[Function]}
                onVoteComment={[Function]}
/>,
            ],
            "className": "comments-list",
          },
          "ref": null,
          "rendered": Array [
            Object {
              "instance": null,
              "key": "894tuq4ut84ut8v4t8wun89g",
              "nodeType": "class",
              "props": Object {
                "authUser": Object {
                  "avatar": "udacity",
                  "name": "Udacity",
                },
                "comment": Object {
                  "author": "Udacity",
                  "body": "Hi there! I am a COMMENT.",
                  "deleted": false,
                  "id": "894tuq4ut84ut8v4t8wun89g",
                  "parentDeleted": false,
                  "parentId": "8xf0y6ziyjabvozdd253n",
                  "timestamp": 1468166872634,
                  "votes": Array [],
                },
                "loading": false,
                "onBindComment": [Function],
                "onDeleteComment": [Function],
                "onVoteComment": [Function],
              },
              "ref": null,
              "rendered": null,
              "type": [Function],
            },
            Object {
              "instance": null,
              "key": "8tu4bsun805n8un48ve89",
              "nodeType": "class",
              "props": Object {
                "authUser": Object {
                  "avatar": "udacity",
                  "name": "Udacity",
                },
                "comment": Object {
                  "author": "Udacity",
                  "body": "Comments. Are. Cool.",
                  "deleted": false,
                  "id": "8tu4bsun805n8un48ve89",
                  "parentDeleted": false,
                  "parentId": "8xf0y6ziyjabvozdd253nd",
                  "timestamp": 1469479767190,
                  "votes": Array [],
                },
                "loading": false,
                "onBindComment": [Function],
                "onDeleteComment": [Function],
                "onVoteComment": [Function],
              },
              "ref": null,
              "rendered": null,
              "type": [Function],
            },
          ],
          "type": "ul",
        },
      ],
      "type": "div",
    },
  ],
  Symbol(enzyme.__options__): Object {
    "adapter": ReactSixteenAdapter {
      "options": Object {
        "enableComponentDidUpdateOnSetState": true,
        "lifecycles": Object {
          "componentDidUpdate": Object {
            "onSetState": true,
          },
          "getDerivedStateFromProps": true,
          "getSnapshotBeforeUpdate": true,
          "setState": Object {
            "skipsComponentDidUpdateOnNullish": true,
          },
        },
      },
    },
  },
}
`;
